====================================================================================================
Hyperparameters:
  adam_eps: 1e-08
  adam_wd: 0.02
  beta1: 0.9
  beta2: 0.95
  compressor: brotli
  data_dir: ./data
  datasets_dir: ./data/datasets/fineweb10B_sp8192
  distributed: False
  ema_decay: 0.9965
  embed_bits: 8
  embed_clip_sigmas: 20.0
  embed_lr: 0.6
  embed_wd: 0.085
  embedding_dim: 512
  enable_looping_at: 0.35
  etlb_clip: 3.0
  etlb_enabled: False
  etlb_lr: 0.05
  etlb_steps: 5
  eval_seq_len: 2048
  eval_stride: 64
  gptq_calibration_batches: 64
  gptq_reserve_seconds: 12.0
  grad_accum_steps: 8
  grad_clip_norm: 0.3
  head_lr: 0.008
  is_main_process: True
  iterations: 4550
  ln_scale: True
  local_rank: 0
  logfile: logs/baseline.txt
  logit_softcap: 30.0
  loop_end: 5
  loop_start: 3
  matrix_bits: 6
  matrix_clip_sigmas: 12.85
  matrix_lr: 0.022
  max_wallclock_seconds: 0.0
  min_lr: 0.0
  mlp_mult: 4.0
  model_dim: 512
  model_path: final_model.pt
  muon_backend_steps: 5
  muon_beta2: 0.95
  muon_momentum: 0.99
  muon_momentum_warmup_start: 0.92
  muon_momentum_warmup_steps: 1500
  muon_row_normalize: True
  muon_wd: 0.095
  num_heads: 8
  num_kv_heads: 4
  num_layers: 11
  num_loops: 2
  parallel_residual_start: 7
  qk_gain_init: 5.0
  quantized_model_path: final_model.int6.ptz
  rank: 0
  rope_base: 10000.0
  rope_dims: 16
  rope_train_seq_len: 2048
  run_id: baseline
  scalar_lr: 0.02
  seed: 42
  skip_gates_enabled: True
  sliding_window_enabled: True
  tie_embeddings: True
  tied_embed_init_std: 0.005
  tied_embed_lr: 0.03
  tokenizer_path: ./data/tokenizers/fineweb_8192_bpe.model
  train_batch_tokens: 786432
  train_files: ./data/datasets/fineweb10B_sp8192/fineweb_train_*.bin
  train_log_every: 500
  train_seq_len: 2048
  ttt_chunk_tokens: 32768
  ttt_enabled: False
  ttt_epochs: 3
  ttt_lr: 0.005
  ttt_momentum: 0.9
  val_batch_tokens: 524288
  val_files: ./data/datasets/fineweb10B_sp8192/fineweb_val_*.bin
  val_loss_every: 4000
  vocab_size: 8192
  warmdown_frac: 0.72
  warmup_steps: 20
  world_size: 1
  xsa_last_n: 11
====================================================================================================
Running Python 3.12.13 (main, Apr 14 2026, 14:29:00) [Clang 22.1.3 ]
Running PyTorch 2.11.0+cu130
Sun Apr 26 15:32:03 2026       
+-----------------------------------------------------------------------------------------+
| NVIDIA-SMI 580.126.09             Driver Version: 580.126.09     CUDA Version: 13.0     |
+-----------------------------------------+------------------------+----------------------+
| GPU  Name                 Persistence-M | Bus-Id          Disp.A | Volatile Uncorr. ECC |
| Fan  Temp   Perf          Pwr:Usage/Cap |           Memory-Usage | GPU-Util  Compute M. |
|                                         |                        |               MIG M. |
|=========================================+========================+======================|
|   0  NVIDIA H100 80GB HBM3          On  |   00000000:CB:00.0 Off |                    0 |
| N/A   33C    P0             77W /  700W |     527MiB /  81559MiB |      0%      Default |
|                                         |                        |             Disabled |
+-----------------------------------------+------------------------+----------------------+

+-----------------------------------------------------------------------------------------+
| Processes:                                                                              |
|  GPU   GI   CI              PID   Type   Process name                        GPU Memory |
|        ID   ID                                                               Usage      |
|=========================================================================================|
|  No running processes found                                                             |
+-----------------------------------------------------------------------------------------+

====================================================================================================
train_shards: 80
val_tokens: 40540160
model_params:35944536
warmup_step: 1/20
warmup_step: 2/20
warmup_step: 3/20
warmup_step: 4/20
warmup_step: 5/20
warmup_step: 6/20
warmup_step: 10/20
warmup_step: 20/20
loop_warmup:enabled encoder:[0, 1, 2, 3, 4, 5, 3, 4] decoder:[5, 3, 4, 5, 6, 7, 8, 9, 10]
loop_warmup_step: 1/20
loop_warmup_step: 2/20
loop_warmup_step: 3/20
loop_warmup_step: 4/20
loop_warmup_step: 5/20
loop_warmup_step: 6/20
loop_warmup_step: 10/20
loop_warmup_step: 20/20
0/4550 val_loss: 9.0090 val_bpb: 3.4877
1/4550 train_loss: 9.0096 train_time: 0.0m tok/s: 1057905
2/4550 train_loss: 12.3333 train_time: 0.0m tok/s: 1049285
3/4550 train_loss: 11.1243 train_time: 0.0m tok/s: 1042789
4/4550 train_loss: 9.5136 train_time: 0.1m tok/s: 1039714
5/4550 train_loss: 8.3429 train_time: 0.1m tok/s: 1038500
500/4550 train_loss: 3.3447 train_time: 6.4m tok/s: 1023511
1000/4550 train_loss: 3.2270 train_time: 12.8m tok/s: 1024221
1500/4550 train_loss: 3.1560 train_time: 19.2m tok/s: 1024537
layer_loop:enabled step:1593 frac:0.350 encoder:[0, 1, 2, 3, 4, 5, 3, 4] decoder:[5, 3, 4, 5, 6, 7, 8, 9, 10]
2000/4550 train_loss: 3.0426 train_time: 28.2m tok/s: 928899
2500/4550 train_loss: 3.0086 train_time: 37.9m tok/s: 865069
3000/4550 train_loss: 2.9751 train_time: 47.5m tok/s: 827223
3500/4550 train_loss: 2.9283 train_time: 57.2m tok/s: 802282
4000/4550 train_loss: 2.8864 train_time: 66.8m tok/s: 784558
4000/4550 val_loss: 2.8612 val_bpb: 1.1077
4500/4550 train_loss: 2.8143 train_time: 76.5m tok/s: 771231
4550/4550 val_loss: 2.8063 val_bpb: 1.0864
peak memory allocated: 39152 MiB reserved: 39214 MiB
ema:applying EMA weights
pre-quantization post-ema val_loss:2.80317150 val_bpb:1.08519504 eval_time:22424ms
Serialized model: 135431033 bytes
Code size: 48583 bytes
GPTQ:collecting Hessians from calibration data...
GPTQ:collected 67 Hessians in 13.2s
Quantized weights:
  gptq (int6): blocks.attn.c_k.weight, blocks.attn.c_q.weight, blocks.attn.c_v.weight, blocks.attn.proj.weight, blocks.mlp.fc.weight, blocks.mlp.proj.weight
  gptq (int8): tok_emb.weight
  passthrough (float16): blocks.attn.q_gain, blocks.attn_scale, blocks.mlp_scale, blocks.resid_mix, skip_gates, skip_weights
Serialized model quantized+brotli: 15976196 bytes
Total submission size quantized+brotli: 16024779 bytes
quantized val_loss:2.83527535 val_bpb:1.09762344 eval_time:40284ms
quantized_sliding_window val_loss:2.79175639 val_bpb:1.08077590 eval_time:730840ms
